C:\Users\qijin\Documents\College Works\2024 Spring\Ece3140\Final Project\frdmkl46z_hello_world\drivers/fsl_clock.h:791:20:CLOCK_SetSimSafeDivs	8	static
C:\Users\qijin\Documents\College Works\2024 Spring\Ece3140\Final Project\frdmkl46z_hello_world\drivers/fsl_clock.h:1122:20:CLOCK_SetXtal0Freq	16	static
C:\Users\qijin\Documents\College Works\2024 Spring\Ece3140\Final Project\frdmkl46z_hello_world\drivers/fsl_smc.h:286:20:SMC_SetPowerModeProtection	16	static
C:\Users\qijin\Documents\College Works\2024 Spring\Ece3140\Final Project\frdmkl46z_hello_world\drivers/fsl_smc.h:305:33:SMC_GetPowerModeState	16	static
../board/src/clock_config.c:102:13:CLOCK_CONFIG_SetFllExtRefDiv	16	static
../board/src/clock_config.c:186:6:BOARD_BootClockRUN	8	static
../board/src/clock_config.c:279:6:BOARD_BootClockVLPR	8	static
